// Jest Snapshot v1, https://goo.gl/fbAQLP

exports[`Navbar component renders navbar correctly 1`] = `
<div>
  <div
    class="App"
  >
    <nav>
      <div
        class="nav--left"
      >
        <a
          class="nav--link"
          href="/shop"
        >
          Shop
        </a>
        <a
          class="nav--link"
          href="/about"
        >
          About
        </a>
      </div>
      <a
        class="nav--link"
        href="/home"
      >
        <h4>
          La Casa
        </h4>
      </a>
      <div
        class="nav--right"
      >
        <a
          class="nav--link"
          href="/cart"
        >
          <i
            class="fa-solid fa-cart-shopping"
          />
          (0)
        </a>
      </div>
    </nav>
  </div>
</div>
`;
